
> cv-maker@0.1.0 build
> next build

Ôû▓ Next.js 16.1.6 (Turbopack)
- Environments: .env.local

node.exe : ÔÜá The "middleware
" file convention is deprecate
d. Please use "proxy" instead.
 Learn more: https://nextjs.or
g/docs/messages/middleware-to-
proxy
At line:1 char:1
+ & "C:\Program Files\nodejs/n
ode.exe" "C:\Program Files\nod
ejs/node_mo ...
+ ~~~~~~~~~~~~~~~~~~~~~~~~~~~~
~~~~~~~~~~~~~~~~~~~~~~~~~~~~~~
~~~~~~~~~~~
    + CategoryInfo          : 
    NotSpecified: (ÔÜá The "  
  middle...leware-to-proxy:   
 String) [], RemoteExcepti    
on
    + FullyQualifiedErrorId : 
    NativeCommandError
 
  Creating an optimized production build ...
Ô£ô Compiled successfully in 6.0s
  Running TypeScript ...
  Collecting page data using 15 workers ...
  Generating static pages using 15 workers (0/17) ...
  Generating static pages using 15 workers (4/17) 
  Generating static pages using 15 workers (8/17) 
  Generating static pages using 15 workers (12/17) 
Ô£ô Generating static pages using 15 workers (17/17) in 327.2ms
  Finalizing page optimization ...

Route (app)
Ôöî ãÆ /
Ôö£ ãÆ /_not-found
Ôö£ ãÆ /api/cover-letter/generate
Ôö£ ãÆ /api/cv/[id]
Ôö£ ãÆ /api/cv/cover-letter
Ôö£ ãÆ /api/cv/import-linkedin
Ôö£ ãÆ /api/cv/magic-rewrite
Ôö£ ãÆ /api/cv/mock-interview
Ôö£ ãÆ /api/cv/public
Ôö£ ãÆ /api/cv/scrape-job
Ôö£ ãÆ /api/cv/search-companies
Ôö£ ãÆ /api/cv/search-jobs
Ôö£ ãÆ /api/dev/sandbox-login
Ôö£ ãÆ /api/generate
Ôö£ ãÆ /api/presentation/generate
Ôö£ ãÆ /api/share/enable
Ôö£ ãÆ /api/share/track-view
Ôö£ ãÆ /api/stripe/checkout
Ôö£ ãÆ /api/stripe/webhook
Ôö£ ãÆ /api/wizard/chat
Ôö£ ãÆ /auth/callback
Ôö£ ãÆ /auth/signout
Ôö£ ãÆ /cover-letter/[id]
Ôö£ ãÆ /cover-letter/new
Ôö£ ãÆ /cv/[id]
Ôö£ ãÆ /dashboard
Ôö£ ãÆ /error
Ôö£ ãÆ /login
Ôö£ ãÆ /presentation/[id]
Ôö£ ãÆ /presentation/new
Ôö£ ãÆ /pricing
Ôö£ ãÆ /share/[shareId]
Ôö£ ãÆ /signup
Ôö£ ãÆ /verify-email
Ôöö ãÆ /wizard


ãÆ Proxy (Middleware)

ãÆ  (Dynamic)  server-rendered on demand

