src/components/wizard/AIChatSidebar.tsx(40,44): error TS2339: Property 'append' does not exist on type 'UseChatHelpers<UIMessage<unknown, UIDataTypes, UITools>>'.
