src/lib/dictionaries/fr.ts(258,5): error TS1117: An object literal cannot have multiple properties with the same name.
src/lib/dictionaries/fr.ts(266,5): error TS1117: An object literal cannot have multiple properties with the same name.
src/lib/dictionaries/fr.ts(304,5): error TS1117: An object literal cannot have multiple properties with the same name.
src/lib/dictionaries/fr.ts(319,5): error TS1117: An object literal cannot have multiple properties with the same name.
src/lib/dictionaries/fr.ts(340,5): error TS1117: An object literal cannot have multiple properties with the same name.
src/lib/dictionaries/fr.ts(352,5): error TS1117: An object literal cannot have multiple properties with the same name.
src/lib/dictionaries/fr.ts(377,5): error TS1117: An object literal cannot have multiple properties with the same name.
